Archive member included because of file (symbol)

/usr/local/CrossPack-AVR-20131216/lib/gcc/avr/4.8.1/avr5/libgcc.a(_udivmodqi4.o)
                              AVRLib/USART.o (__udivmodqi4)
/usr/local/CrossPack-AVR-20131216/lib/gcc/avr/4.8.1/avr5/libgcc.a(_udivmodhi4.o)
                              AVRLib/USART.o (__udivmodhi4)
/usr/local/CrossPack-AVR-20131216/lib/gcc/avr/4.8.1/avr5/libgcc.a(_exit.o)
                              /usr/local/CrossPack-AVR-20131216/lib/gcc/avr/4.8.1/../../../../avr/lib/avr5/crtm168.o (exit)
/usr/local/CrossPack-AVR-20131216/lib/gcc/avr/4.8.1/avr5/libgcc.a(_copy_data.o)
                              RGBLEDwButtons.o (__do_copy_data)
/usr/local/CrossPack-AVR-20131216/lib/gcc/avr/4.8.1/avr5/libgcc.a(_clear_bss.o)
                              RGBLEDwButtons.o (__do_clear_bss)

Allocating common symbols
Common symbol       size              file

iReceiveBuffer      0x1               RGBLEDwButtons.o
temp                0xf               RGBLEDwButtons.o
iCommands           0x1               RGBLEDwButtons.o
colorBalance        0x3               RGBLEDwButtons.o
receiveBuffer       0x1e              RGBLEDwButtons.o

Discarded input sections

 .bss           0x00000000        0x0 /usr/local/CrossPack-AVR-20131216/lib/gcc/avr/4.8.1/../../../../avr/lib/avr5/crtm168.o
 .text          0x00000000        0x0 RGBLEDwButtons.o
 .bss           0x00000000        0x0 RGBLEDwButtons.o
 .text          0x00000000        0x0 AVRLib/ATCommands.o
 .bss           0x00000000        0x0 AVRLib/ATCommands.o
 .text.ATsetMultipleConnections
                0x00000000        0x2 AVRLib/ATCommands.o
 .text.ATsetupServer
                0x00000000        0x2 AVRLib/ATCommands.o
 .text.ATReset  0x00000000        0x2 AVRLib/ATCommands.o
 .progmem.data.AT_autoconn
                0x00000000       0x10 AVRLib/ATCommands.o
 .progmem.data.AT_rst
                0x00000000        0x7 AVRLib/ATCommands.o
 .progmem.data.AT_cipserver
                0x00000000        0xe AVRLib/ATCommands.o
 .progmem.data.AT_cipmux
                0x00000000        0xe AVRLib/ATCommands.o
 .progmem.data.AT_cipsend
                0x00000000        0xc AVRLib/ATCommands.o
 .progmem.data.AT_TCPHostText
                0x00000000        0x6 AVRLib/ATCommands.o
 .progmem.data.AT_HTTPver
                0x00000000        0xb AVRLib/ATCommands.o
 .progmem.data.AT_requestType
                0x00000000        0x5 AVRLib/ATCommands.o
 .progmem.data.AT_functionAddress
                0x00000000        0x8 AVRLib/ATCommands.o
 .progmem.data.AT_hostAddress
                0x00000000       0x32 AVRLib/ATCommands.o
 .text          0x00000000        0x0 AVRLib/SPI.o
 .bss           0x00000000        0x0 AVRLib/SPI.o
 .text.EEPROM_readByte
                0x00000000       0x24 AVRLib/SPI.o
 .text.EEPROM_writeByte
                0x00000000       0x34 AVRLib/SPI.o
 .text          0x00000000        0x0 AVRLib/USART.o
 .bss           0x00000000        0x0 AVRLib/USART.o
 .text.receiveByte
                0x00000000        0xe AVRLib/USART.o
 .text.readString
                0x00000000       0x58 AVRLib/USART.o
 .text.printByte
                0x00000000       0x32 AVRLib/USART.o
 .text.printWord
                0x00000000       0x76 AVRLib/USART.o
 .text.printBinaryByte
                0x00000000       0x3c AVRLib/USART.o
 .text.nibbleToHexCharacter
                0x00000000        0xc AVRLib/USART.o
 .text.printHexByte
                0x00000000       0x1e AVRLib/USART.o
 .text.getNumber
                0x00000000       0x4a AVRLib/USART.o
 .text          0x00000000        0x0 /usr/local/CrossPack-AVR-20131216/lib/gcc/avr/4.8.1/avr5/libgcc.a(_udivmodqi4.o)
 .bss           0x00000000        0x0 /usr/local/CrossPack-AVR-20131216/lib/gcc/avr/4.8.1/avr5/libgcc.a(_udivmodqi4.o)
 .text.libgcc.mul
                0x00000000        0x0 /usr/local/CrossPack-AVR-20131216/lib/gcc/avr/4.8.1/avr5/libgcc.a(_udivmodqi4.o)
 .text.libgcc.div
                0x00000000       0x18 /usr/local/CrossPack-AVR-20131216/lib/gcc/avr/4.8.1/avr5/libgcc.a(_udivmodqi4.o)
 .text.libgcc   0x00000000        0x0 /usr/local/CrossPack-AVR-20131216/lib/gcc/avr/4.8.1/avr5/libgcc.a(_udivmodqi4.o)
 .text.libgcc.prologue
                0x00000000        0x0 /usr/local/CrossPack-AVR-20131216/lib/gcc/avr/4.8.1/avr5/libgcc.a(_udivmodqi4.o)
 .text.libgcc.builtins
                0x00000000        0x0 /usr/local/CrossPack-AVR-20131216/lib/gcc/avr/4.8.1/avr5/libgcc.a(_udivmodqi4.o)
 .text.libgcc.fmul
                0x00000000        0x0 /usr/local/CrossPack-AVR-20131216/lib/gcc/avr/4.8.1/avr5/libgcc.a(_udivmodqi4.o)
 .text.libgcc.fixed
                0x00000000        0x0 /usr/local/CrossPack-AVR-20131216/lib/gcc/avr/4.8.1/avr5/libgcc.a(_udivmodqi4.o)
 .text          0x00000000        0x0 /usr/local/CrossPack-AVR-20131216/lib/gcc/avr/4.8.1/avr5/libgcc.a(_udivmodhi4.o)
 .bss           0x00000000        0x0 /usr/local/CrossPack-AVR-20131216/lib/gcc/avr/4.8.1/avr5/libgcc.a(_udivmodhi4.o)
 .text.libgcc.mul
                0x00000000        0x0 /usr/local/CrossPack-AVR-20131216/lib/gcc/avr/4.8.1/avr5/libgcc.a(_udivmodhi4.o)
 .text.libgcc.div
                0x00000000       0x28 /usr/local/CrossPack-AVR-20131216/lib/gcc/avr/4.8.1/avr5/libgcc.a(_udivmodhi4.o)
 .text.libgcc   0x00000000        0x0 /usr/local/CrossPack-AVR-20131216/lib/gcc/avr/4.8.1/avr5/libgcc.a(_udivmodhi4.o)
 .text.libgcc.prologue
                0x00000000        0x0 /usr/local/CrossPack-AVR-20131216/lib/gcc/avr/4.8.1/avr5/libgcc.a(_udivmodhi4.o)
 .text.libgcc.builtins
                0x00000000        0x0 /usr/local/CrossPack-AVR-20131216/lib/gcc/avr/4.8.1/avr5/libgcc.a(_udivmodhi4.o)
 .text.libgcc.fmul
                0x00000000        0x0 /usr/local/CrossPack-AVR-20131216/lib/gcc/avr/4.8.1/avr5/libgcc.a(_udivmodhi4.o)
 .text.libgcc.fixed
                0x00000000        0x0 /usr/local/CrossPack-AVR-20131216/lib/gcc/avr/4.8.1/avr5/libgcc.a(_udivmodhi4.o)
 .text          0x00000000        0x0 /usr/local/CrossPack-AVR-20131216/lib/gcc/avr/4.8.1/avr5/libgcc.a(_exit.o)
 .bss           0x00000000        0x0 /usr/local/CrossPack-AVR-20131216/lib/gcc/avr/4.8.1/avr5/libgcc.a(_exit.o)
 .text.libgcc.mul
                0x00000000        0x0 /usr/local/CrossPack-AVR-20131216/lib/gcc/avr/4.8.1/avr5/libgcc.a(_exit.o)
 .text.libgcc.div
                0x00000000        0x0 /usr/local/CrossPack-AVR-20131216/lib/gcc/avr/4.8.1/avr5/libgcc.a(_exit.o)
 .text.libgcc   0x00000000        0x0 /usr/local/CrossPack-AVR-20131216/lib/gcc/avr/4.8.1/avr5/libgcc.a(_exit.o)
 .text.libgcc.prologue
                0x00000000        0x0 /usr/local/CrossPack-AVR-20131216/lib/gcc/avr/4.8.1/avr5/libgcc.a(_exit.o)
 .text.libgcc.builtins
                0x00000000        0x0 /usr/local/CrossPack-AVR-20131216/lib/gcc/avr/4.8.1/avr5/libgcc.a(_exit.o)
 .text.libgcc.fmul
                0x00000000        0x0 /usr/local/CrossPack-AVR-20131216/lib/gcc/avr/4.8.1/avr5/libgcc.a(_exit.o)
 .text.libgcc.fixed
                0x00000000        0x0 /usr/local/CrossPack-AVR-20131216/lib/gcc/avr/4.8.1/avr5/libgcc.a(_exit.o)
 .text          0x00000000        0x0 /usr/local/CrossPack-AVR-20131216/lib/gcc/avr/4.8.1/avr5/libgcc.a(_copy_data.o)
 .bss           0x00000000        0x0 /usr/local/CrossPack-AVR-20131216/lib/gcc/avr/4.8.1/avr5/libgcc.a(_copy_data.o)
 .text.libgcc.mul
                0x00000000        0x0 /usr/local/CrossPack-AVR-20131216/lib/gcc/avr/4.8.1/avr5/libgcc.a(_copy_data.o)
 .text.libgcc.div
                0x00000000        0x0 /usr/local/CrossPack-AVR-20131216/lib/gcc/avr/4.8.1/avr5/libgcc.a(_copy_data.o)
 .text.libgcc   0x00000000        0x0 /usr/local/CrossPack-AVR-20131216/lib/gcc/avr/4.8.1/avr5/libgcc.a(_copy_data.o)
 .text.libgcc.prologue
                0x00000000        0x0 /usr/local/CrossPack-AVR-20131216/lib/gcc/avr/4.8.1/avr5/libgcc.a(_copy_data.o)
 .text.libgcc.builtins
                0x00000000        0x0 /usr/local/CrossPack-AVR-20131216/lib/gcc/avr/4.8.1/avr5/libgcc.a(_copy_data.o)
 .text.libgcc.fmul
                0x00000000        0x0 /usr/local/CrossPack-AVR-20131216/lib/gcc/avr/4.8.1/avr5/libgcc.a(_copy_data.o)
 .text.libgcc.fixed
                0x00000000        0x0 /usr/local/CrossPack-AVR-20131216/lib/gcc/avr/4.8.1/avr5/libgcc.a(_copy_data.o)
 .text          0x00000000        0x0 /usr/local/CrossPack-AVR-20131216/lib/gcc/avr/4.8.1/avr5/libgcc.a(_clear_bss.o)
 .bss           0x00000000        0x0 /usr/local/CrossPack-AVR-20131216/lib/gcc/avr/4.8.1/avr5/libgcc.a(_clear_bss.o)
 .text.libgcc.mul
                0x00000000        0x0 /usr/local/CrossPack-AVR-20131216/lib/gcc/avr/4.8.1/avr5/libgcc.a(_clear_bss.o)
 .text.libgcc.div
                0x00000000        0x0 /usr/local/CrossPack-AVR-20131216/lib/gcc/avr/4.8.1/avr5/libgcc.a(_clear_bss.o)
 .text.libgcc   0x00000000        0x0 /usr/local/CrossPack-AVR-20131216/lib/gcc/avr/4.8.1/avr5/libgcc.a(_clear_bss.o)
 .text.libgcc.prologue
                0x00000000        0x0 /usr/local/CrossPack-AVR-20131216/lib/gcc/avr/4.8.1/avr5/libgcc.a(_clear_bss.o)
 .text.libgcc.builtins
                0x00000000        0x0 /usr/local/CrossPack-AVR-20131216/lib/gcc/avr/4.8.1/avr5/libgcc.a(_clear_bss.o)
 .text.libgcc.fmul
                0x00000000        0x0 /usr/local/CrossPack-AVR-20131216/lib/gcc/avr/4.8.1/avr5/libgcc.a(_clear_bss.o)
 .text.libgcc.fixed
                0x00000000        0x0 /usr/local/CrossPack-AVR-20131216/lib/gcc/avr/4.8.1/avr5/libgcc.a(_clear_bss.o)

Memory Configuration

Name             Origin             Length             Attributes
text             0x00000000         0x00020000         xr
data             0x00800060         0x0000ffa0         rw !x
eeprom           0x00810000         0x00010000         rw !x
fuse             0x00820000         0x00000400         rw !x
lock             0x00830000         0x00000400         rw !x
signature        0x00840000         0x00000400         rw !x
user_signatures  0x00850000         0x00000400         rw !x
*default*        0x00000000         0xffffffff

Linker script and memory map

Address of section .data set to 0x800100
LOAD /usr/local/CrossPack-AVR-20131216/lib/gcc/avr/4.8.1/../../../../avr/lib/avr5/crtm168.o
LOAD RGBLEDwButtons.o
LOAD AVRLib/ATCommands.o
LOAD AVRLib/SPI.o
LOAD AVRLib/USART.o
START GROUP
LOAD /usr/local/CrossPack-AVR-20131216/lib/gcc/avr/4.8.1/avr5/libgcc.a
LOAD /usr/local/CrossPack-AVR-20131216/lib/gcc/avr/4.8.1/../../../../avr/lib/avr5/libm.a
LOAD /usr/local/CrossPack-AVR-20131216/lib/gcc/avr/4.8.1/../../../../avr/lib/avr5/libc.a
END GROUP

.hash
 *(.hash)

.dynsym
 *(.dynsym)

.dynstr
 *(.dynstr)

.gnu.version
 *(.gnu.version)

.gnu.version_d
 *(.gnu.version_d)

.gnu.version_r
 *(.gnu.version_r)

.rel.init
 *(.rel.init)

.rela.init
 *(.rela.init)

.rel.text
 *(.rel.text)
 *(.rel.text.*)
 *(.rel.gnu.linkonce.t*)

.rela.text
 *(.rela.text)
 *(.rela.text.*)
 *(.rela.gnu.linkonce.t*)

.rel.fini
 *(.rel.fini)

.rela.fini
 *(.rela.fini)

.rel.rodata
 *(.rel.rodata)
 *(.rel.rodata.*)
 *(.rel.gnu.linkonce.r*)

.rela.rodata
 *(.rela.rodata)
 *(.rela.rodata.*)
 *(.rela.gnu.linkonce.r*)

.rel.data
 *(.rel.data)
 *(.rel.data.*)
 *(.rel.gnu.linkonce.d*)

.rela.data
 *(.rela.data)
 *(.rela.data.*)
 *(.rela.gnu.linkonce.d*)

.rel.ctors
 *(.rel.ctors)

.rela.ctors
 *(.rela.ctors)

.rel.dtors
 *(.rel.dtors)

.rela.dtors
 *(.rela.dtors)

.rel.got
 *(.rel.got)

.rela.got
 *(.rela.got)

.rel.bss
 *(.rel.bss)

.rela.bss
 *(.rela.bss)

.rel.plt
 *(.rel.plt)

.rela.plt
 *(.rela.plt)

.text           0x00000000      0x5e6
 *(.vectors)
 .vectors       0x00000000       0x68 /usr/local/CrossPack-AVR-20131216/lib/gcc/avr/4.8.1/../../../../avr/lib/avr5/crtm168.o
                0x00000000                __vectors
                0x00000000                __vector_default
 *(.vectors)
 *(.progmem.gcc*)
                0x00000068                . = ALIGN (0x2)
                0x00000068                __trampolines_start = .
 *(.trampolines)
 .trampolines   0x00000068        0x0 linker stubs
 *(.trampolines*)
                0x00000068                __trampolines_end = .
 *(.progmem*)
 .progmem.data.AT_cwjap_cur
                0x00000068        0xe AVRLib/ATCommands.o
                0x00000068                AT_cwjap_cur
 .progmem.data.AT_cwmode_cur
                0x00000076        0xf AVRLib/ATCommands.o
                0x00000076                AT_cwmode_cur
                0x00000086                . = ALIGN (0x2)
 *fill*         0x00000085        0x1 
 *(.jumptables)
 *(.jumptables*)
 *(.lowtext)
 *(.lowtext*)
                0x00000086                __ctors_start = .
 *(.ctors)
                0x00000086                __ctors_end = .
                0x00000086                __dtors_start = .
 *(.dtors)
                0x00000086                __dtors_end = .
 SORT(*)(.ctors)
 SORT(*)(.dtors)
 *(.init0)
 .init0         0x00000086        0x0 /usr/local/CrossPack-AVR-20131216/lib/gcc/avr/4.8.1/../../../../avr/lib/avr5/crtm168.o
                0x00000086                __init
 *(.init0)
 *(.init1)
 *(.init1)
 *(.init2)
 .init2         0x00000086        0xc /usr/local/CrossPack-AVR-20131216/lib/gcc/avr/4.8.1/../../../../avr/lib/avr5/crtm168.o
 *(.init2)
 *(.init3)
 *(.init3)
 *(.init4)
 .init4         0x00000092       0x16 /usr/local/CrossPack-AVR-20131216/lib/gcc/avr/4.8.1/avr5/libgcc.a(_copy_data.o)
                0x00000092                __do_copy_data
 .init4         0x000000a8       0x10 /usr/local/CrossPack-AVR-20131216/lib/gcc/avr/4.8.1/avr5/libgcc.a(_clear_bss.o)
                0x000000a8                __do_clear_bss
 *(.init4)
 *(.init5)
 *(.init5)
 *(.init6)
 *(.init6)
 *(.init7)
 *(.init7)
 *(.init8)
 *(.init8)
 *(.init9)
 .init9         0x000000b8        0x8 /usr/local/CrossPack-AVR-20131216/lib/gcc/avr/4.8.1/../../../../avr/lib/avr5/crtm168.o
 *(.init9)
 *(.text)
 .text          0x000000c0        0x4 /usr/local/CrossPack-AVR-20131216/lib/gcc/avr/4.8.1/../../../../avr/lib/avr5/crtm168.o
                0x000000c0                __vector_20
                0x000000c0                __vector_1
                0x000000c0                __vector_24
                0x000000c0                __vector_12
                0x000000c0                __bad_interrupt
                0x000000c0                __vector_6
                0x000000c0                __vector_3
                0x000000c0                __vector_23
                0x000000c0                __vector_25
                0x000000c0                __vector_13
                0x000000c0                __vector_17
                0x000000c0                __vector_19
                0x000000c0                __vector_7
                0x000000c0                __vector_5
                0x000000c0                __vector_9
                0x000000c0                __vector_2
                0x000000c0                __vector_21
                0x000000c0                __vector_15
                0x000000c0                __vector_8
                0x000000c0                __vector_14
                0x000000c0                __vector_10
                0x000000c0                __vector_16
                0x000000c0                __vector_22
                0x000000c4                . = ALIGN (0x2)
 *(.text.*)
 .text.__vector_4
                0x000000c4       0x6a RGBLEDwButtons.o
                0x000000c4                __vector_4
 .text.__vector_11
                0x0000012e       0x6c RGBLEDwButtons.o
                0x0000012e                __vector_11
 .text.startup.main
                0x0000019a      0x176 RGBLEDwButtons.o
                0x0000019a                main
 .text.clearBuffer
                0x00000310       0x12 RGBLEDwButtons.o
                0x00000310                clearBuffer
 .text.__vector_18
                0x00000322       0x7c RGBLEDwButtons.o
                0x00000322                __vector_18
 .text.transmitFromPGMSpace
                0x0000039e       0x46 AVRLib/ATCommands.o
                0x0000039e                transmitFromPGMSpace
 .text.ATsetCurrentWifiMode
                0x000003e4       0x24 AVRLib/ATCommands.o
                0x000003e4                ATsetCurrentWifiMode
 .text.ATconnectToAPI
                0x00000408       0x3c AVRLib/ATCommands.o
                0x00000408                ATconnectToAPI
 .text.initSPI_Master
                0x00000444       0x14 AVRLib/SPI.o
                0x00000444                initSPI_Master
 .text.SPI_tradeByte
                0x00000458        0xa AVRLib/SPI.o
                0x00000458                SPI_tradeByte
 .text.EEPROM_readStatus
                0x00000462       0x14 AVRLib/SPI.o
                0x00000462                EEPROM_readStatus
 .text.EEPROM_sendAddress
                0x00000476       0x12 AVRLib/SPI.o
                0x00000476                EEPROM_sendAddress
 .text.EEPROM_readPage
                0x00000488       0x6a AVRLib/SPI.o
                0x00000488                EEPROM_readPage
 .text.EEPROM_writeEnable
                0x000004f2        0xc AVRLib/SPI.o
                0x000004f2                EEPROM_writeEnable
 .text.EEPROM_writePage
                0x000004fe       0x66 AVRLib/SPI.o
                0x000004fe                EEPROM_writePage
 .text.initUSART
                0x00000564       0x22 AVRLib/USART.o
                0x00000564                initUSART
 .text.transmitByte
                0x00000586        0xe AVRLib/USART.o
                0x00000586                transmitByte
 .text.printString
                0x00000594       0x26 AVRLib/USART.o
                0x00000594                printString
 .text.printVolatileString
                0x000005ba       0x28 AVRLib/USART.o
                0x000005ba                printVolatileString
                0x000005e2                . = ALIGN (0x2)
 *(.fini9)
 .fini9         0x000005e2        0x0 /usr/local/CrossPack-AVR-20131216/lib/gcc/avr/4.8.1/avr5/libgcc.a(_exit.o)
                0x000005e2                exit
                0x000005e2                _exit
 *(.fini9)
 *(.fini8)
 *(.fini8)
 *(.fini7)
 *(.fini7)
 *(.fini6)
 *(.fini6)
 *(.fini5)
 *(.fini5)
 *(.fini4)
 *(.fini4)
 *(.fini3)
 *(.fini3)
 *(.fini2)
 *(.fini2)
 *(.fini1)
 *(.fini1)
 *(.fini0)
 .fini0         0x000005e2        0x4 /usr/local/CrossPack-AVR-20131216/lib/gcc/avr/4.8.1/avr5/libgcc.a(_exit.o)
 *(.fini0)
                0x000005e6                _etext = .

.data           0x00800100       0x6a load address 0x000005e6
                0x00800100                PROVIDE (__data_start, .)
 *(.data)
 .data          0x00800100        0x0 /usr/local/CrossPack-AVR-20131216/lib/gcc/avr/4.8.1/../../../../avr/lib/avr5/crtm168.o
 .data          0x00800100        0x0 RGBLEDwButtons.o
 .data          0x00800100        0x0 AVRLib/ATCommands.o
 .data          0x00800100        0x0 AVRLib/SPI.o
 .data          0x00800100        0x0 AVRLib/USART.o
 .data          0x00800100        0x0 /usr/local/CrossPack-AVR-20131216/lib/gcc/avr/4.8.1/avr5/libgcc.a(_udivmodqi4.o)
 .data          0x00800100        0x0 /usr/local/CrossPack-AVR-20131216/lib/gcc/avr/4.8.1/avr5/libgcc.a(_udivmodhi4.o)
 .data          0x00800100        0x0 /usr/local/CrossPack-AVR-20131216/lib/gcc/avr/4.8.1/avr5/libgcc.a(_exit.o)
 .data          0x00800100        0x0 /usr/local/CrossPack-AVR-20131216/lib/gcc/avr/4.8.1/avr5/libgcc.a(_copy_data.o)
 .data          0x00800100        0x0 /usr/local/CrossPack-AVR-20131216/lib/gcc/avr/4.8.1/avr5/libgcc.a(_clear_bss.o)
 *(.data*)
 .data.commands
                0x00800100       0x12 RGBLEDwButtons.o
                0x00800100                commands
 *(.rodata)
 *(.rodata*)
 .rodata.str1.1
                0x00800112       0x4f RGBLEDwButtons.o
                                 0x52 (size before relaxing)
 .rodata.str1.1
                0x00800161        0x8 AVRLib/ATCommands.o
                                  0xd (size before relaxing)
 *(.gnu.linkonce.d*)
                0x0080016a                . = ALIGN (0x2)
 *fill*         0x00800169        0x1 
                0x0080016a                _edata = .
                0x0080016a                PROVIDE (__data_end, .)

.bss            0x0080016a       0x32
                0x0080016a                PROVIDE (__bss_start, .)
 *(.bss)
 *(.bss*)
 *(COMMON)
 COMMON         0x0080016a       0x32 RGBLEDwButtons.o
                0x0080016a                iReceiveBuffer
                0x0080016b                temp
                0x0080017a                iCommands
                0x0080017b                colorBalance
                0x0080017e                receiveBuffer
                0x0080019c                PROVIDE (__bss_end, .)
                0x000005e6                __data_load_start = LOADADDR (.data)
                0x00000650                __data_load_end = (__data_load_start + SIZEOF (.data))

.noinit         0x0080019c        0x0
                0x0080019c                PROVIDE (__noinit_start, .)
 *(.noinit*)
                0x0080019c                PROVIDE (__noinit_end, .)
                0x0080019c                _end = .
                0x0080019c                PROVIDE (__heap_start, .)

.eeprom         0x00810000        0x0
 *(.eeprom*)
                0x00810000                __eeprom_end = .

.fuse
 *(.fuse)
 *(.lfuse)
 *(.hfuse)
 *(.efuse)

.lock
 *(.lock*)

.signature
 *(.signature*)

.user_signatures
 *(.user_signatures*)

.stab
 *(.stab)

.stabstr
 *(.stabstr)

.stab.excl
 *(.stab.excl)

.stab.exclstr
 *(.stab.exclstr)

.stab.index
 *(.stab.index)

.stab.indexstr
 *(.stab.indexstr)

.comment        0x00000000       0x11
 *(.comment)
 .comment       0x00000000       0x11 RGBLEDwButtons.o
                                 0x12 (size before relaxing)
 .comment       0x00000000       0x12 AVRLib/ATCommands.o
 .comment       0x00000000       0x12 AVRLib/SPI.o
 .comment       0x00000000       0x12 AVRLib/USART.o

.debug
 *(.debug)

.line
 *(.line)

.debug_srcinfo
 *(.debug_srcinfo)

.debug_sfnames
 *(.debug_sfnames)

.debug_aranges  0x00000000      0x200
 *(.debug_aranges)
 .debug_aranges
                0x00000000       0x40 RGBLEDwButtons.o
 .debug_aranges
                0x00000040       0x48 AVRLib/ATCommands.o
 .debug_aranges
                0x00000088       0x60 AVRLib/SPI.o
 .debug_aranges
                0x000000e8       0x78 AVRLib/USART.o
 .debug_aranges
                0x00000160       0x20 /usr/local/CrossPack-AVR-20131216/lib/gcc/avr/4.8.1/avr5/libgcc.a(_udivmodqi4.o)
 .debug_aranges
                0x00000180       0x20 /usr/local/CrossPack-AVR-20131216/lib/gcc/avr/4.8.1/avr5/libgcc.a(_udivmodhi4.o)
 .debug_aranges
                0x000001a0       0x20 /usr/local/CrossPack-AVR-20131216/lib/gcc/avr/4.8.1/avr5/libgcc.a(_exit.o)
 .debug_aranges
                0x000001c0       0x20 /usr/local/CrossPack-AVR-20131216/lib/gcc/avr/4.8.1/avr5/libgcc.a(_copy_data.o)
 .debug_aranges
                0x000001e0       0x20 /usr/local/CrossPack-AVR-20131216/lib/gcc/avr/4.8.1/avr5/libgcc.a(_clear_bss.o)

.debug_pubnames
 *(.debug_pubnames)

.debug_info     0x00000000     0x15a3
 *(.debug_info)
 .debug_info    0x00000000      0x5c2 RGBLEDwButtons.o
 .debug_info    0x000005c2      0x47f AVRLib/ATCommands.o
 .debug_info    0x00000a41      0x389 AVRLib/SPI.o
 .debug_info    0x00000dca      0x423 AVRLib/USART.o
 .debug_info    0x000011ed       0xbe /usr/local/CrossPack-AVR-20131216/lib/gcc/avr/4.8.1/avr5/libgcc.a(_udivmodqi4.o)
 .debug_info    0x000012ab       0xbe /usr/local/CrossPack-AVR-20131216/lib/gcc/avr/4.8.1/avr5/libgcc.a(_udivmodhi4.o)
 .debug_info    0x00001369       0xbe /usr/local/CrossPack-AVR-20131216/lib/gcc/avr/4.8.1/avr5/libgcc.a(_exit.o)
 .debug_info    0x00001427       0xbe /usr/local/CrossPack-AVR-20131216/lib/gcc/avr/4.8.1/avr5/libgcc.a(_copy_data.o)
 .debug_info    0x000014e5       0xbe /usr/local/CrossPack-AVR-20131216/lib/gcc/avr/4.8.1/avr5/libgcc.a(_clear_bss.o)
 *(.gnu.linkonce.wi.*)

.debug_abbrev   0x00000000      0x71c
 *(.debug_abbrev)
 .debug_abbrev  0x00000000      0x2a9 RGBLEDwButtons.o
 .debug_abbrev  0x000002a9      0x14d AVRLib/ATCommands.o
 .debug_abbrev  0x000003f6      0x14f AVRLib/SPI.o
 .debug_abbrev  0x00000545      0x173 AVRLib/USART.o
 .debug_abbrev  0x000006b8       0x14 /usr/local/CrossPack-AVR-20131216/lib/gcc/avr/4.8.1/avr5/libgcc.a(_udivmodqi4.o)
 .debug_abbrev  0x000006cc       0x14 /usr/local/CrossPack-AVR-20131216/lib/gcc/avr/4.8.1/avr5/libgcc.a(_udivmodhi4.o)
 .debug_abbrev  0x000006e0       0x14 /usr/local/CrossPack-AVR-20131216/lib/gcc/avr/4.8.1/avr5/libgcc.a(_exit.o)
 .debug_abbrev  0x000006f4       0x14 /usr/local/CrossPack-AVR-20131216/lib/gcc/avr/4.8.1/avr5/libgcc.a(_copy_data.o)
 .debug_abbrev  0x00000708       0x14 /usr/local/CrossPack-AVR-20131216/lib/gcc/avr/4.8.1/avr5/libgcc.a(_clear_bss.o)

.debug_line     0x00000000      0x71d
 *(.debug_line)
 .debug_line    0x00000000      0x18b RGBLEDwButtons.o
 .debug_line    0x0000018b       0xec AVRLib/ATCommands.o
 .debug_line    0x00000277      0x13f AVRLib/SPI.o
 .debug_line    0x000003b6      0x184 AVRLib/USART.o
 .debug_line    0x0000053a       0x62 /usr/local/CrossPack-AVR-20131216/lib/gcc/avr/4.8.1/avr5/libgcc.a(_udivmodqi4.o)
 .debug_line    0x0000059c       0x6a /usr/local/CrossPack-AVR-20131216/lib/gcc/avr/4.8.1/avr5/libgcc.a(_udivmodhi4.o)
 .debug_line    0x00000606       0x58 /usr/local/CrossPack-AVR-20131216/lib/gcc/avr/4.8.1/avr5/libgcc.a(_exit.o)
 .debug_line    0x0000065e       0x61 /usr/local/CrossPack-AVR-20131216/lib/gcc/avr/4.8.1/avr5/libgcc.a(_copy_data.o)
 .debug_line    0x000006bf       0x5e /usr/local/CrossPack-AVR-20131216/lib/gcc/avr/4.8.1/avr5/libgcc.a(_clear_bss.o)

.debug_frame    0x00000000      0x448
 *(.debug_frame)
 .debug_frame   0x00000000      0x114 RGBLEDwButtons.o
 .debug_frame   0x00000114       0xb0 AVRLib/ATCommands.o
 .debug_frame   0x000001c4      0x118 AVRLib/SPI.o
 .debug_frame   0x000002dc      0x16c AVRLib/USART.o

.debug_str      0x00000000      0x5a0
 *(.debug_str)
 .debug_str     0x00000000      0x2f4 RGBLEDwButtons.o
                                0x32d (size before relaxing)
 .debug_str     0x000002f4      0x140 AVRLib/ATCommands.o
                                0x2a4 (size before relaxing)
 .debug_str     0x00000434       0xad AVRLib/SPI.o
                                0x21c (size before relaxing)
 .debug_str     0x000004e1       0xbf AVRLib/USART.o
                                0x23f (size before relaxing)

.debug_loc      0x00000000      0xee3
 *(.debug_loc)
 .debug_loc     0x00000000      0x2d0 RGBLEDwButtons.o
 .debug_loc     0x000002d0      0x23e AVRLib/ATCommands.o
 .debug_loc     0x0000050e      0x403 AVRLib/SPI.o
 .debug_loc     0x00000911      0x5d2 AVRLib/USART.o

.debug_macinfo
 *(.debug_macinfo)

.debug_pubtypes
 *(.debug_pubtypes)

.debug_ranges   0x00000000      0x120
 *(.debug_ranges)
 .debug_ranges  0x00000000       0x30 RGBLEDwButtons.o
 .debug_ranges  0x00000030       0x38 AVRLib/ATCommands.o
 .debug_ranges  0x00000068       0x50 AVRLib/SPI.o
 .debug_ranges  0x000000b8       0x68 AVRLib/USART.o

.debug_macro
 *(.debug_macro)
OUTPUT(RGBLEDwButtons.elf elf32-avr)
LOAD linker stubs
